#
# There is insufficient memory for the Java Runtime Environment to continue.
# Cannot create worker GC thread. Out of system resources.
# Possible reasons:
#   The system is out of physical RAM or swap space
#   This process is running with CompressedOops enabled, and the Java Heap may be blocking the growth of the native heap
# Possible solutions:
#   Reduce memory load on the system
#   Increase physical memory or swap space
#   Check if swap backing store is full
#   Decrease Java heap size (-Xmx/-Xms)
#   Decrease number of Java threads
#   Decrease Java thread stack sizes (-Xss)
#   Set larger code cache with -XX:ReservedCodeCacheSize=
#   JVM is running with Unscaled Compressed Oops mode in which the Java heap is
#     placed in the first 4GB address space. The Java Heap base address is the
#     maximum limit for the native heap growth. Please use -XX:HeapBaseMinAddress
#     to set the Java Heap base and to place the Java Heap above 4GB virtual address.
# This output file may be truncated or incomplete.
#
#  Out of Memory Error (workerManager.hpp:87), pid=387944, tid=387944
#
# JRE version:  (17.0.19+10) (build )
# Java VM: OpenJDK 64-Bit Server VM (17.0.19+10-1-24.04.2-Ubuntu, mixed mode, sharing, tiered, compressed oops, compressed class ptrs, g1 gc, linux-amd64)
# Core dump will be written. Default location: Core dumps may be processed with "/usr/share/apport/apport -p%p -s%s -c%c -d%d -P%P -u%u -g%g -F%F -- %E" (or dumping to /home/pratham/Disk1/NextRound/apps/api/core.387944)
#

---------------  S U M M A R Y ------------

Command Line: -Dapplication.home=/usr/lib/jvm/java-17-openjdk-amd64 --add-modules=ALL-DEFAULT -Xms8m -Djdk.module.main=jdk.compiler jdk.compiler/com.sun.tools.javac.Main /tmp/nr-java-uv4DUX/Main.java /tmp/nr-java-uv4DUX/Solution.java

Host: 13th Gen Intel(R) Core(TM) i7-13650HX, 20 cores, 15G, Ubuntu 24.04.4 LTS
Time: Mon Aug 10 15:23:38 2026 IST elapsed time: 0.005981 seconds (0d 0h 0m 0s)

---------------  T H R E A D  ---------------

Current thread (0x000058d01eb13a50):  JavaThread "Unknown thread" [_thread_in_vm, id=387944, stack(0x00007ffe2ba23000,0x00007ffe2c222000)]

Stack: [0x00007ffe2ba23000,0x00007ffe2c222000],  sp=0x00007ffe2c21d260,  free space=8168k
Native frames: (J=compiled Java code, j=interpreted, Vv=VM code, C=native code)
V  [libjvm.so+0xf401a5]  VMError::report_and_die(int, char const*, char const*, __va_list_tag*, Thread*, unsigned char*, void*, void*, char const*, int, unsigned long)+0x175
V  [libjvm.so+0xf40cf1]  VMError::report_and_die(Thread*, char const*, int, unsigned long, VMErrorType, char const*, __va_list_tag*)+0x31
V  [libjvm.so+0x60f530]  report_vm_out_of_memory(char const*, int, unsigned long, VMErrorType, char const*, ...)+0xe0
V  [libjvm.so+0xf748d6]  WorkerManager::add_workers(WorkGang*, unsigned int, unsigned int, unsigned int, os::ThreadType, bool)+0x1a6
V  [libjvm.so+0xf74b5d]  WorkGang::initialize_workers()+0x4d
V  [libjvm.so+0x6f9531]  G1CollectedHeap::initialize()+0x631
V  [libjvm.so+0xeed529]  universe_init()+0xd9
V  [libjvm.so+0x80bc0a]  init_globals()+0x3a
V  [libjvm.so+0xec2f29]  Threads::create_vm(JavaVMInitArgs*, bool*)+0x2f9
V  [libjvm.so+0x8cd9c3]  JNI_CreateJavaVM+0x53
C  [libjli.so+0x3dc3]  JavaMain+0x93
C  [libjli.so+0x8e18]  CallJavaMainInNewThread+0x98
C  [libjli.so+0x5e01]  ContinueInNewThread+0x61
C  [libjli.so+0x69f7]  JLI_Launch+0x9d7
C  [javac+0x12b9]
C  [libc.so.6+0x2a1ca]
C  [libc.so.6+0x2a28b]  __libc_start_main+0x8b


---------------  P R O C E S S  ---------------

Threads class SMR info:
_java_thread_list=0x000078e2477814e0, length=0, elements={
}

Java Threads: ( => current thread )

Other Threads:

[error occurred during error reporting (printing all threads), id 0xb, SIGSEGV (0xb) at pc=0x000078e246b06264]

VM state: not at safepoint (not fully initialized)

VM Mutex/Monitor currently owned by a thread:  ([mutex/lock_event])
[0x000058d01eb113a0] Heap_lock - owner thread: 0x000058d01eb13a50

Heap address: 0x00000000e0000000, size: 512 MB, Compressed Oops mode: 32-bit

CDS archive(s) mapped at: [0x0000000000000000-0x0000000000000000-0x0000000000000000), size 0, SharedBaseAddress: 0x0000000800000000, ArchiveRelocationMode: 1.
Narrow klass base: 0x0000000000000000, Narrow klass shift: 0, Narrow klass range: 0x0

GC Precious Log:
<Empty>

Heap:
 garbage-first heap   total 0K, used 0K [0x00000000e0000000, 0x0000000100000000)
  region size 1024K, 0 young (0K), 0 survivors (0K)

[error occurred during error reporting (printing heap information), id 0xb, SIGSEGV (0xb) at pc=0x000078e2470eb6be]

GC Heap History (0 events):
No events

Dll operation events (1 events):
Event: 0.004 Loaded shared library /usr/lib/jvm/java-17-openjdk-amd64/lib/libjava.so

Deoptimization events (0 events):
No events

Classes loaded (0 events):
No events

Classes unloaded (0 events):
No events

Classes redefined (0 events):
No events

Internal exceptions (0 events):
No events

VM Operations (0 events):
No events

Memory protections (1 events):
Event: 0.003 Protecting memory [0x00007ffe2ba23000,0x00007ffe2ba27000] with protection modes 0

Nmethod flushes (0 events):
No events

Events (0 events):
No events


Dynamic libraries:
e0000000-100000000 ---p 00000000 00:00 0 
58d00469c000-58d00469d000 r--p 00000000 103:01 3281240                   /usr/lib/jvm/java-17-openjdk-amd64/bin/javac
58d00469d000-58d00469e000 r-xp 00001000 103:01 3281240                   /usr/lib/jvm/java-17-openjdk-amd64/bin/javac
58d00469e000-58d00469f000 r--p 00002000 103:01 3281240                   /usr/lib/jvm/java-17-openjdk-amd64/bin/javac
58d00469f000-58d0046a0000 r--p 00002000 103:01 3281240                   /usr/lib/jvm/java-17-openjdk-amd64/bin/javac
58d0046a0000-58d0046a1000 rw-p 00003000 103:01 3281240                   /usr/lib/jvm/java-17-openjdk-amd64/bin/javac
58d01ead2000-58d01eb86000 rw-p 00000000 00:00 0                          [heap]
78e22cb1d000-78e22ceff000 rw-p 00000000 00:00 0 
78e22ceff000-78e22cf00000 ---p 00000000 00:00 0 
78e22cf00000-78e22d000000 rw-p 00000000 00:00 0 
78e22d000000-78e22e000000 ---p 00000000 00:00 0 
78e22e01f000-78e22e31f000 ---p 00000000 00:00 0 
78e22e31f000-78e22f233000 rw-p 00000000 00:00 0 
78e22f233000-78e22f317000 ---p 00000000 00:00 0 
78e22f317000-78e22f31c000 rw-p 00000000 00:00 0 
78e22f31c000-78e22f400000 ---p 00000000 00:00 0 
78e22f400000-78e22f670000 rwxp 00000000 00:00 0 
78e22f670000-78e23685f000 ---p 00000000 00:00 0 
78e23685f000-78e236acf000 rwxp 00000000 00:00 0 
78e236acf000-78e236fa0000 ---p 00000000 00:00 0 
78e236fa0000-78e237210000 rwxp 00000000 00:00 0 
78e237210000-78e23e400000 ---p 00000000 00:00 0 
78e23e400000-78e245eea000 r--s 00000000 103:01 3296409                   /usr/lib/jvm/java-17-openjdk-amd64/lib/modules
78e245f00000-78e246000000 rw-p 00000000 00:00 0 
78e246000000-78e24609d000 r--p 00000000 103:01 2632258                   /usr/lib/x86_64-linux-gnu/libstdc++.so.6.0.33
78e24609d000-78e2461e5000 r-xp 0009d000 103:01 2632258                   /usr/lib/x86_64-linux-gnu/libstdc++.so.6.0.33
78e2461e5000-78e24626c000 r--p 001e5000 103:01 2632258                   /usr/lib/x86_64-linux-gnu/libstdc++.so.6.0.33
78e24626c000-78e246277000 r--p 0026b000 103:01 2632258                   /usr/lib/x86_64-linux-gnu/libstdc++.so.6.0.33
78e246277000-78e24627a000 rw-p 00276000 103:01 2632258                   /usr/lib/x86_64-linux-gnu/libstdc++.so.6.0.33
78e24627a000-78e24627e000 rw-p 00000000 00:00 0 
78e246317000-78e246327000 r--p 00000000 103:01 2623912                   /usr/lib/x86_64-linux-gnu/libm.so.6
78e246327000-78e2463a6000 r-xp 00010000 103:01 2623912                   /usr/lib/x86_64-linux-gnu/libm.so.6
78e2463a6000-78e2463fe000 r--p 0008f000 103:01 2623912                   /usr/lib/x86_64-linux-gnu/libm.so.6
78e2463fe000-78e2463ff000 r--p 000e7000 103:01 2623912                   /usr/lib/x86_64-linux-gnu/libm.so.6
78e2463ff000-78e246400000 rw-p 000e8000 103:01 2623912                   /usr/lib/x86_64-linux-gnu/libm.so.6
78e246400000-78e246651000 r--p 00000000 103:01 3296420                   /usr/lib/jvm/java-17-openjdk-amd64/lib/server/libjvm.so
78e246651000-78e2473c3000 r-xp 00251000 103:01 3296420                   /usr/lib/jvm/java-17-openjdk-amd64/lib/server/libjvm.so
78e2473c3000-78e247644000 r--p 00fc3000 103:01 3296420                   /usr/lib/jvm/java-17-openjdk-amd64/lib/server/libjvm.so
78e247644000-78e2476fc000 r--p 01244000 103:01 3296420                   /usr/lib/jvm/java-17-openjdk-amd64/lib/server/libjvm.so
78e2476fc000-78e247731000 rw-p 012fc000 103:01 3296420                   /usr/lib/jvm/java-17-openjdk-amd64/lib/server/libjvm.so
78e247731000-78e24778b000 rw-p 00000000 00:00 0 
78e2477af000-78e2477f6000 rw-p 00000000 00:00 0 
78e2477f6000-78e247800000 ---p 00000000 00:00 0 
78e247800000-78e247828000 r--p 00000000 103:01 2623909                   /usr/lib/x86_64-linux-gnu/libc.so.6
78e247828000-78e2479b0000 r-xp 00028000 103:01 2623909                   /usr/lib/x86_64-linux-gnu/libc.so.6
78e2479b0000-78e2479ff000 r--p 001b0000 103:01 2623909                   /usr/lib/x86_64-linux-gnu/libc.so.6
78e2479ff000-78e247a03000 r--p 001fe000 103:01 2623909                   /usr/lib/x86_64-linux-gnu/libc.so.6
78e247a03000-78e247a05000 rw-p 00202000 103:01 2623909                   /usr/lib/x86_64-linux-gnu/libc.so.6
78e247a05000-78e247a12000 rw-p 00000000 00:00 0 
78e247a1f000-78e247a2b000 r--p 00000000 103:01 3296343                   /usr/lib/jvm/java-17-openjdk-amd64/lib/libjava.so
78e247a2b000-78e247a3d000 r-xp 0000c000 103:01 3296343                   /usr/lib/jvm/java-17-openjdk-amd64/lib/libjava.so
78e247a3d000-78e247a43000 r--p 0001e000 103:01 3296343                   /usr/lib/jvm/java-17-openjdk-amd64/lib/libjava.so
78e247a43000-78e247a44000 r--p 00023000 103:01 3296343                   /usr/lib/jvm/java-17-openjdk-amd64/lib/libjava.so
78e247a44000-78e247a45000 rw-p 00024000 103:01 3296343                   /usr/lib/jvm/java-17-openjdk-amd64/lib/libjava.so
78e247a45000-78e247a46000 rw-p 00000000 00:00 0 
78e247a46000-78e247a4a000 r--p 00000000 103:01 2631147                   /usr/lib/x86_64-linux-gnu/libgcc_s.so.1
78e247a4a000-78e247a6e000 r-xp 00004000 103:01 2631147                   /usr/lib/x86_64-linux-gnu/libgcc_s.so.1
78e247a6e000-78e247a72000 r--p 00028000 103:01 2631147                   /usr/lib/x86_64-linux-gnu/libgcc_s.so.1
78e247a72000-78e247a73000 r--p 0002b000 103:01 2631147                   /usr/lib/x86_64-linux-gnu/libgcc_s.so.1
78e247a73000-78e247a74000 rw-p 0002c000 103:01 2631147                   /usr/lib/x86_64-linux-gnu/libgcc_s.so.1
78e247a74000-78e247a76000 rw-p 00000000 00:00 0 
78e247a76000-78e247a78000 r--p 00000000 103:01 3296355                   /usr/lib/jvm/java-17-openjdk-amd64/lib/libjli.so
78e247a78000-78e247a82000 r-xp 00002000 103:01 3296355                   /usr/lib/jvm/java-17-openjdk-amd64/lib/libjli.so
78e247a82000-78e247a85000 r--p 0000c000 103:01 3296355                   /usr/lib/jvm/java-17-openjdk-amd64/lib/libjli.so
78e247a85000-78e247a86000 r--p 0000f000 103:01 3296355                   /usr/lib/jvm/java-17-openjdk-amd64/lib/libjli.so
78e247a86000-78e247a87000 rw-p 00010000 103:01 3296355                   /usr/lib/jvm/java-17-openjdk-amd64/lib/libjli.so
78e247a87000-78e247a89000 r--p 00000000 103:01 2633647                   /usr/lib/x86_64-linux-gnu/libz.so.1.3
78e247a89000-78e247a9b000 r-xp 00002000 103:01 2633647                   /usr/lib/x86_64-linux-gnu/libz.so.1.3
78e247a9b000-78e247aa1000 r--p 00014000 103:01 2633647                   /usr/lib/x86_64-linux-gnu/libz.so.1.3
78e247aa1000-78e247aa2000 r--p 0001a000 103:01 2633647                   /usr/lib/x86_64-linux-gnu/libz.so.1.3
78e247aa2000-78e247aa3000 rw-p 0001b000 103:01 2633647                   /usr/lib/x86_64-linux-gnu/libz.so.1.3
78e247aae000-78e247ab6000 rw-s 00000000 103:01 4588592                   /tmp/hsperfdata_pratham/387944
78e247ab6000-78e247ab7000 ---p 00000000 00:00 0 
78e247ab7000-78e247ab8000 r--p 00000000 00:00 0 
78e247ab8000-78e247ab9000 ---p 00000000 00:00 0 
78e247ab9000-78e247abb000 r--p 00000000 103:01 3296353                   /usr/lib/jvm/java-17-openjdk-amd64/lib/libjimage.so
78e247abb000-78e247abe000 r-xp 00002000 103:01 3296353                   /usr/lib/jvm/java-17-openjdk-amd64/lib/libjimage.so
78e247abe000-78e247abf000 r--p 00005000 103:01 3296353                   /usr/lib/jvm/java-17-openjdk-amd64/lib/libjimage.so
78e247abf000-78e247ac0000 r--p 00006000 103:01 3296353                   /usr/lib/jvm/java-17-openjdk-amd64/lib/libjimage.so
78e247ac0000-78e247ac1000 rw-p 00007000 103:01 3296353                   /usr/lib/jvm/java-17-openjdk-amd64/lib/libjimage.so
78e247ac1000-78e247ac3000 rw-p 00000000 00:00 0 
78e247ac3000-78e247ac7000 r--p 00000000 00:00 0                          [vvar]
78e247ac7000-78e247ac9000 r--p 00000000 00:00 0                          [vvar_vclock]
78e247ac9000-78e247acb000 r-xp 00000000 00:00 0                          [vdso]
78e247acb000-78e247acc000 r--p 00000000 103:01 2623906                   /usr/lib/x86_64-linux-gnu/ld-linux-x86-64.so.2
78e247acc000-78e247af7000 r-xp 00001000 103:01 2623906                   /usr/lib/x86_64-linux-gnu/ld-linux-x86-64.so.2
78e247af7000-78e247b01000 r--p 0002c000 103:01 2623906                   /usr/lib/x86_64-linux-gnu/ld-linux-x86-64.so.2
78e247b01000-78e247b03000 r--p 00036000 103:01 2623906                   /usr/lib/x86_64-linux-gnu/ld-linux-x86-64.so.2
78e247b03000-78e247b05000 rw-p 00038000 103:01 2623906                   /usr/lib/x86_64-linux-gnu/ld-linux-x86-64.so.2
7ffe2ba23000-7ffe2ba27000 ---p 00000000 00:00 0 
7ffe2c202000-7ffe2c223000 rw-p 00000000 00:00 0                          [stack]
ffffffffff600000-ffffffffff601000 --xp 00000000 00:00 0                  [vsyscall]


VM Arguments:
jvm_args: -Dapplication.home=/usr/lib/jvm/java-17-openjdk-amd64 --add-modules=ALL-DEFAULT -Xms8m -Djdk.module.main=jdk.compiler 
java_command: jdk.compiler/com.sun.tools.javac.Main /tmp/nr-java-uv4DUX/Main.java /tmp/nr-java-uv4DUX/Solution.java
java_class_path (initial): <not set>
Launcher Type: SUN_STANDARD

[Global flags]
     intx CICompilerCount                          = 12                                        {product} {ergonomic}
     uint ConcGCThreads                            = 4                                         {product} {ergonomic}
     uint G1ConcRefinementThreads                  = 15                                        {product} {ergonomic}
   size_t G1HeapRegionSize                         = 1048576                                   {product} {ergonomic}
    uintx GCDrainStackTargetSize                   = 64                                        {product} {ergonomic}
   size_t InitialHeapSize                          = 8388608                                   {product} {command line}
   size_t MarkStackSize                            = 4194304                                   {product} {ergonomic}
   size_t MaxHeapSize                              = 536870912                                 {product} {ergonomic}
   size_t MinHeapDeltaBytes                        = 1048576                                   {product} {ergonomic}
   size_t MinHeapSize                              = 8388608                                   {product} {command line}
    uintx NonNMethodCodeHeapSize                   = 7602480                                {pd product} {ergonomic}
    uintx NonProfiledCodeHeapSize                  = 122027880                              {pd product} {ergonomic}
    uintx ProfiledCodeHeapSize                     = 122027880                              {pd product} {ergonomic}
    uintx ReservedCodeCacheSize                    = 251658240                              {pd product} {ergonomic}
     bool SegmentedCodeCache                       = true                                      {product} {ergonomic}
   size_t SoftMaxHeapSize                          = 536870912                              {manageable} {ergonomic}
     bool UseCompressedClassPointers               = true                           {product lp64_product} {ergonomic}
     bool UseCompressedOops                        = true                           {product lp64_product} {ergonomic}
     bool UseG1GC                                  = true                                      {product} {ergonomic}

Logging:
Log output configuration:
 #0: stdout all=warning uptime,level,tags
 #1: stderr all=off uptime,level,tags

Environment Variables:
PATH=/home/pratham/Disk1/NextRound/node_modules/.bin:/home/pratham/Disk1/NextRound/apps/api/node_modules/.bin:/home/pratham/Disk1/NextRound/apps/node_modules/.bin:/home/pratham/Disk1/NextRound/node_modules/.bin:/home/pratham/Disk1/node_modules/.bin:/home/pratham/node_modules/.bin:/home/node_modules/.bin:/node_modules/.bin:/home/pratham/.nvm/versions/node/v24.16.0/lib/node_modules/npm/node_modules/@npmcli/run-script/lib/node-gyp-bin:/home/pratham/.local/bin:/home/pratham/.bun/bin:/home/pratham/.kilo/bin:/home/pratham/.local/bin:/home/pratham/.opencode/bin:/run/user/1000/fnm_multishells/273069_1786343500819/bin:/home/pratham/.local/share/fnm:/home/pratham/.antigravity-ide/extensions/vadimcn.vscode-lldb-1.12.2/bin:/home/pratham/.local/bin:/home/pratham/.bun/bin:/home/pratham/.kilo/bin:/home/pratham/.local/bin:/home/pratham/.opencode/bin:/home/pratham/.nvm/versions/node/v24.16.0/bin:/run/user/1000/fnm_multishells/270603_1786343495571/bin:/home/pratham/.local/share/fnm:/home/pratham/.local/bin:/home/pratham/.local/bin:/home/pratham/.local/bin:/home/pratham/.cargo/bin:/home/pratham/.local/bin:/usr/local/sbin:/usr/local/bin:/usr/sbin:/usr/bin:/sbin:/bin:/usr/games:/usr/local/games:/snap/bin:/snap/bin:/opt/flutter/bin:/home/pratham/Android/Sdk/emulator:/home/pratham/Android/Sdk/platform-tools:/home/pratham/.antigravity-ide/extensions/ms-python.debugpy-2026.6.0-linux-x64/bundled/scripts/noConfigScripts:/opt/flutter/bin:/home/pratham/Android/Sdk/emulator:/home/pratham/Android/Sdk/platform-tools
LANG=C.UTF-8
TMPDIR=/tmp

Active Locale:
LC_ALL=C
LC_COLLATE=C
LC_CTYPE=C
LC_MESSAGES=C
LC_MONETARY=C
LC_NUMERIC=C
LC_TIME=C

Signal Handlers:
   SIGSEGV: crash_handler in libjvm.so, mask=11100100010111111101111111111110, flags=SA_RESTART|SA_SIGINFO, unblocked
    SIGBUS: crash_handler in libjvm.so, mask=11100100010111111101111111111110, flags=SA_RESTART|SA_SIGINFO, unblocked
    SIGFPE: crash_handler in libjvm.so, mask=11100100010111111101111111111110, flags=SA_RESTART|SA_SIGINFO, unblocked
   SIGPIPE: javaSignalHandler in libjvm.so, mask=11100100010111111101111111111110, flags=SA_RESTART|SA_SIGINFO, blocked
   SIGXFSZ: javaSignalHandler in libjvm.so, mask=11100100010111111101111111111110, flags=SA_RESTART|SA_SIGINFO, blocked
    SIGILL: crash_handler in libjvm.so, mask=11100100010111111101111111111110, flags=SA_RESTART|SA_SIGINFO, unblocked
   SIGUSR2: SR_handler in libjvm.so, mask=00000000000000000000000000000000, flags=SA_RESTART|SA_SIGINFO, blocked
    SIGHUP: SIG_DFL, mask=00000000000000000000000000000000, flags=none, blocked
    SIGINT: SIG_DFL, mask=00000000000000000000000000000000, flags=none, blocked
   SIGTERM: SIG_DFL, mask=00000000000000000000000000000000, flags=none, blocked
   SIGQUIT: UserHandler in libjvm.so, mask=11100100010111111101111111111110, flags=SA_RESTART|SA_SIGINFO, blocked
   SIGTRAP: crash_handler in libjvm.so, mask=11100100010111111101111111111110, flags=SA_RESTART|SA_SIGINFO, unblocked


Periodic native trim disabled


---------------  S Y S T E M  ---------------

OS:
DISTRIB_ID=Ubuntu
DISTRIB_RELEASE=24.04
DISTRIB_CODENAME=noble
DISTRIB_DESCRIPTION="Ubuntu 24.04.4 LTS"
uname: Linux 7.0.0-28-generic #28~24.04.1-Ubuntu SMP PREEMPT_DYNAMIC Wed Jul  1 15:50:57 UTC 2 x86_64
OS uptime: 0 days 8:37 hours
libc: glibc 2.39 NPTL 2.39 
rlimit (soft/hard): STACK 8192k/infinity , CORE 0k/infinity , NPROC 64/64 , NOFILE 64/64 , AS 1048576k/1048576k , CPU 30/30 , DATA infinity/infinity , FSIZE 20480k/20480k , MEMLOCK 2008652k/2008652k
load average: 2.23 2.11 2.30

/proc/meminfo:
MemTotal:       16069216 kB
MemFree:          540104 kB
MemAvailable:    1672632 kB
Buffers:           39172 kB
Cached:          1878292 kB
SwapCached:       852004 kB
Active:          2585024 kB
Inactive:        2079756 kB
Active(anon):    2038136 kB
Inactive(anon):  1513776 kB
Active(file):     546888 kB
Inactive(file):   565980 kB
Unevictable:      574476 kB
Mlocked:              48 kB
SwapTotal:      31250428 kB
SwapFree:       25395860 kB
Zswap:                 0 kB
Zswapped:              0 kB
Dirty:              1772 kB
Writeback:             0 kB
AnonPages:       3284748 kB
Mapped:          9311000 kB
Shmem:            804576 kB
KReclaimable:     414884 kB
Slab:             927440 kB
SReclaimable:     414880 kB
SUnreclaim:       512560 kB
KernelStack:       37808 kB
PageTables:       147668 kB
SecPageTables:     12316 kB
NFS_Unstable:          0 kB
Bounce:                0 kB
WritebackTmp:          0 kB
CommitLimit:    39285036 kB
Committed_AS:   48713284 kB
VmallocTotal:   34359738367 kB
VmallocUsed:      163396 kB
VmallocChunk:          0 kB
Percpu:            24960 kB
HardwareCorrupted:     0 kB
AnonHugePages:     22528 kB
ShmemHugePages:    49152 kB
ShmemPmdMapped:        0 kB
FileHugePages:      6144 kB
FilePmdMapped:         0 kB
CmaTotal:              0 kB
CmaFree:           62884 kB
Unaccepted:            0 kB
Balloon:               0 kB
HugePages_Total:       0
HugePages_Free:        0
HugePages_Rsvd:        0
HugePages_Surp:        0
Hugepagesize:       2048 kB
Hugetlb:               0 kB
DirectMap4k:     2021632 kB
DirectMap2M:    14456832 kB
DirectMap1G:           0 kB

/sys/kernel/mm/transparent_hugepage/enabled: always [madvise] never
/sys/kernel/mm/transparent_hugepage/hpage_pmd_size: 2097152
/sys/kernel/mm/transparent_hugepage/defrag (defrag/compaction efforts parameter): always defer defer+madvise [madvise] never

Process Memory:
Virtual Size: 966384K (peak: 966384K)
Resident Set Size: 19220K (peak: 19220K) (anon: 6076K, file: 13144K, shmem: 0K)
Swapped out: 0K
C-Heap outstanding allocations: 20018K, retained: 97K
glibc malloc tunables: (default)

/proc/sys/kernel/threads-max (system-wide limit on the number of threads): 110604
/proc/sys/vm/max_map_count (maximum number of memory map areas a process may have): 1048576
/proc/sys/vm/swappiness (control to define how aggressively the kernel swaps out anonymous memory): 60
/proc/sys/kernel/pid_max (system-wide limit on number of process identifiers): 4194304

container (cgroup) information:
container_type: cgroupv2
cpu_cpuset_cpus: not supported
cpu_memory_nodes: not supported
active_processor_count: 20
cpu_quota: not supported
cpu_period: not supported
cpu_shares: not supported
memory_limit_in_bytes: unlimited
memory_and_swap_limit_in_bytes: unlimited
memory_soft_limit_in_bytes: 0
memory_usage_in_bytes: 1158036 k
memory_max_usage_in_bytes: not supported
rss_usage_in_bytes: 855512 k
cache_usage_in_bytes: 204968 k
memory_swap_current_in_bytes: 2521956 k
memory_swap_max_limit_in_bytes: unlimited
maximum number of tasks: 16590
current number of tasks: 572

Steal ticks since vm start: 0
Steal ticks percentage since vm start:  0.000

CPU: total 20 (initial active 20) (20 cores per cpu, 1 threads per core) family 6 model 183 stepping 1 microcode 0x133, cx8, cmov, fxsr, mmx, 3dnowpref, sse, sse2, sse3, ssse3, sse4.1, sse4.2, popcnt, lzcnt, tsc, tscinvbit, avx, avx2, aes, erms, clmul, bmi1, bmi2, adx, sha, fma, vzeroupper, clflush, clflushopt, clwb
CPU Model and flags from /proc/cpuinfo:
model name	: 13th Gen Intel(R) Core(TM) i7-13650HX
flags		: fpu vme de pse tsc msr pae mce cx8 apic sep mtrr pge mca cmov pat pse36 clflush dts acpi mmx fxsr sse sse2 ss ht tm pbe syscall nx pdpe1gb rdtscp lm constant_tsc art arch_perfmon pebs bts rep_good nopl xtopology nonstop_tsc cpuid aperfmperf tsc_known_freq pni pclmulqdq dtes64 monitor ds_cpl vmx est tm2 ssse3 sdbg fma cx16 xtpr pdcm pcid sse4_1 sse4_2 x2apic movbe popcnt tsc_deadline_timer aes xsave avx f16c rdrand lahf_lm abm 3dnowprefetch cpuid_fault epb ssbd ibrs ibpb stibp ibrs_enhanced tpr_shadow flexpriority ept vpid ept_ad fsgsbase tsc_adjust bmi1 avx2 smep bmi2 erms invpcid rdseed adx smap clflushopt clwb intel_pt sha_ni xsaveopt xsavec xgetbv1 xsaves split_lock_detect user_shstk avx_vnni dtherm ida arat pln pts hwp hwp_notify hwp_act_window hwp_epp hwp_pkg_req hfi vnmi umip pku ospke waitpkg gfni vaes vpclmulqdq rdpid movdiri movdir64b fsrm md_clear serialize arch_lbr ibt flush_l1d arch_capabilities

Online cpus: 0-19
Offline cpus: 
BIOS frequency limitation: <Not Available>
Frequency switch latency (ns): 0
Available cpu frequencies: <Not Available>
Current governor: powersave
Core performance/turbo boost: <Not Available>

Memory: 4k page, physical 16069216k(540104k free), swap 31250428k(25395860k free)
Page Sizes: 4k

vm_info: OpenJDK 64-Bit Server VM (17.0.19+10-1-24.04.2-Ubuntu) for linux-amd64 JRE (17.0.19+10-1-24.04.2-Ubuntu), built on Apr 26 2026 12:40:16 by "buildd" with gcc 13.3.0

END.
