#
# There is insufficient memory for the Java Runtime Environment to continue.
# Cannot create worker GC thread. Out of system resources.
# Possible reasons:
#   The system is out of physical RAM or swap space
#   This process is running with CompressedOops enabled, and the Java Heap may be blocking the growth of the native heap
# Possible solutions:
#   Reduce memory load on the system
#   Increase physical memory or swap space
#   Check if swap backing store is full
#   Decrease Java heap size (-Xmx/-Xms)
#   Decrease number of Java threads
#   Decrease Java thread stack sizes (-Xss)
#   Set larger code cache with -XX:ReservedCodeCacheSize=
#   JVM is running with Unscaled Compressed Oops mode in which the Java heap is
#     placed in the first 4GB address space. The Java Heap base address is the
#     maximum limit for the native heap growth. Please use -XX:HeapBaseMinAddress
#     to set the Java Heap base and to place the Java Heap above 4GB virtual address.
# This output file may be truncated or incomplete.
#
#  Out of Memory Error (workerManager.hpp:87), pid=391075, tid=391075
#
# JRE version:  (17.0.19+10) (build )
# Java VM: OpenJDK 64-Bit Server VM (17.0.19+10-1-24.04.2-Ubuntu, mixed mode, sharing, tiered, compressed oops, compressed class ptrs, g1 gc, linux-amd64)
# Core dump will be written. Default location: Core dumps may be processed with "/usr/share/apport/apport -p%p -s%s -c%c -d%d -P%P -u%u -g%g -F%F -- %E" (or dumping to /home/pratham/Disk1/NextRound/apps/api/core.391075)
#

---------------  S U M M A R Y ------------

Command Line: -Dapplication.home=/usr/lib/jvm/java-17-openjdk-amd64 --add-modules=ALL-DEFAULT -Xms8m -Xmx256m -Djdk.module.main=jdk.compiler jdk.compiler/com.sun.tools.javac.Main /tmp/nr-java-5Jc0af/Main.java /tmp/nr-java-5Jc0af/Solution.java

Host: 13th Gen Intel(R) Core(TM) i7-13650HX, 20 cores, 15G, Ubuntu 24.04.4 LTS
Time: Mon Aug 10 15:28:05 2026 IST elapsed time: 0.005436 seconds (0d 0h 0m 0s)

---------------  T H R E A D  ---------------

Current thread (0x000064119747ba90):  JavaThread "Unknown thread" [_thread_in_vm, id=391075, stack(0x00007ffcab4bb000,0x00007ffcabcbb000)]

Stack: [0x00007ffcab4bb000,0x00007ffcabcbb000],  sp=0x00007ffcabcb5530,  free space=8169k
Native frames: (J=compiled Java code, j=interpreted, Vv=VM code, C=native code)
V  [libjvm.so+0xf401a5]  VMError::report_and_die(int, char const*, char const*, __va_list_tag*, Thread*, unsigned char*, void*, void*, char const*, int, unsigned long)+0x175
V  [libjvm.so+0xf40cf1]  VMError::report_and_die(Thread*, char const*, int, unsigned long, VMErrorType, char const*, __va_list_tag*)+0x31
V  [libjvm.so+0x60f530]  report_vm_out_of_memory(char const*, int, unsigned long, VMErrorType, char const*, ...)+0xe0
V  [libjvm.so+0xf748d6]  WorkerManager::add_workers(WorkGang*, unsigned int, unsigned int, unsigned int, os::ThreadType, bool)+0x1a6
V  [libjvm.so+0xf74b5d]  WorkGang::initialize_workers()+0x4d
V  [libjvm.so+0x6f9531]  G1CollectedHeap::initialize()+0x631
V  [libjvm.so+0xeed529]  universe_init()+0xd9
V  [libjvm.so+0x80bc0a]  init_globals()+0x3a
V  [libjvm.so+0xec2f29]  Threads::create_vm(JavaVMInitArgs*, bool*)+0x2f9
V  [libjvm.so+0x8cd9c3]  JNI_CreateJavaVM+0x53
C  [libjli.so+0x3dc3]  JavaMain+0x93
C  [libjli.so+0x8e18]  CallJavaMainInNewThread+0x98
C  [libjli.so+0x5e01]  ContinueInNewThread+0x61
C  [libjli.so+0x69f7]  JLI_Launch+0x9d7
C  [javac+0x12b9]
C  [libc.so.6+0x2a1ca]
C  [libc.so.6+0x2a28b]  __libc_start_main+0x8b


---------------  P R O C E S S  ---------------

Threads class SMR info:
_java_thread_list=0x00007fd1487814e0, length=0, elements={
}

Java Threads: ( => current thread )

Other Threads:

[error occurred during error reporting (printing all threads), id 0xb, SIGSEGV (0xb) at pc=0x00007fd147b06264]

VM state: not at safepoint (not fully initialized)

VM Mutex/Monitor currently owned by a thread:  ([mutex/lock_event])
[0x00006411974793e0] Heap_lock - owner thread: 0x000064119747ba90

Heap address: 0x00000000f0000000, size: 256 MB, Compressed Oops mode: 32-bit

CDS archive(s) mapped at: [0x0000000000000000-0x0000000000000000-0x0000000000000000), size 0, SharedBaseAddress: 0x0000000800000000, ArchiveRelocationMode: 1.
Narrow klass base: 0x0000000000000000, Narrow klass shift: 0, Narrow klass range: 0x0

GC Precious Log:
<Empty>

Heap:
 garbage-first heap   total 0K, used 0K [0x00000000f0000000, 0x0000000100000000)
  region size 1024K, 0 young (0K), 0 survivors (0K)

[error occurred during error reporting (printing heap information), id 0xb, SIGSEGV (0xb) at pc=0x00007fd1480eb6be]

GC Heap History (0 events):
No events

Dll operation events (1 events):
Event: 0.004 Loaded shared library /usr/lib/jvm/java-17-openjdk-amd64/lib/libjava.so

Deoptimization events (0 events):
No events

Classes loaded (0 events):
No events

Classes unloaded (0 events):
No events

Classes redefined (0 events):
No events

Internal exceptions (0 events):
No events

VM Operations (0 events):
No events

Memory protections (1 events):
Event: 0.003 Protecting memory [0x00007ffcab4bb000,0x00007ffcab4bf000] with protection modes 0

Nmethod flushes (0 events):
No events

Events (0 events):
No events


Dynamic libraries:
f0000000-100000000 ---p 00000000 00:00 0 
64115c97d000-64115c97e000 r--p 00000000 103:01 3281240                   /usr/lib/jvm/java-17-openjdk-amd64/bin/javac
64115c97e000-64115c97f000 r-xp 00001000 103:01 3281240                   /usr/lib/jvm/java-17-openjdk-amd64/bin/javac
64115c97f000-64115c980000 r--p 00002000 103:01 3281240                   /usr/lib/jvm/java-17-openjdk-amd64/bin/javac
64115c980000-64115c981000 r--p 00002000 103:01 3281240                   /usr/lib/jvm/java-17-openjdk-amd64/bin/javac
64115c981000-64115c982000 rw-p 00003000 103:01 3281240                   /usr/lib/jvm/java-17-openjdk-amd64/bin/javac
64119743a000-6411974e6000 rw-p 00000000 00:00 0                          [heap]
7fd12e51d000-7fd12e8ff000 rw-p 00000000 00:00 0 
7fd12e8ff000-7fd12e900000 ---p 00000000 00:00 0 
7fd12e900000-7fd12ea00000 rw-p 00000000 00:00 0 
7fd12ea00000-7fd12f200000 ---p 00000000 00:00 0 
7fd12f21f000-7fd12f31f000 ---p 00000000 00:00 0 
7fd12f31f000-7fd130233000 rw-p 00000000 00:00 0 
7fd130233000-7fd130317000 ---p 00000000 00:00 0 
7fd130317000-7fd13031c000 rw-p 00000000 00:00 0 
7fd13031c000-7fd130400000 ---p 00000000 00:00 0 
7fd130400000-7fd130670000 rwxp 00000000 00:00 0 
7fd130670000-7fd13785f000 ---p 00000000 00:00 0 
7fd13785f000-7fd137acf000 rwxp 00000000 00:00 0 
7fd137acf000-7fd137fa0000 ---p 00000000 00:00 0 
7fd137fa0000-7fd138210000 rwxp 00000000 00:00 0 
7fd138210000-7fd13f400000 ---p 00000000 00:00 0 
7fd13f400000-7fd146eea000 r--s 00000000 103:01 3296409                   /usr/lib/jvm/java-17-openjdk-amd64/lib/modules
7fd146f00000-7fd147000000 rw-p 00000000 00:00 0 
7fd147000000-7fd14709d000 r--p 00000000 103:01 2632258                   /usr/lib/x86_64-linux-gnu/libstdc++.so.6.0.33
7fd14709d000-7fd1471e5000 r-xp 0009d000 103:01 2632258                   /usr/lib/x86_64-linux-gnu/libstdc++.so.6.0.33
7fd1471e5000-7fd14726c000 r--p 001e5000 103:01 2632258                   /usr/lib/x86_64-linux-gnu/libstdc++.so.6.0.33
7fd14726c000-7fd147277000 r--p 0026b000 103:01 2632258                   /usr/lib/x86_64-linux-gnu/libstdc++.so.6.0.33
7fd147277000-7fd14727a000 rw-p 00276000 103:01 2632258                   /usr/lib/x86_64-linux-gnu/libstdc++.so.6.0.33
7fd14727a000-7fd14727e000 rw-p 00000000 00:00 0 
7fd147297000-7fd147317000 ---p 00000000 00:00 0 
7fd147317000-7fd147327000 r--p 00000000 103:01 2623912                   /usr/lib/x86_64-linux-gnu/libm.so.6
7fd147327000-7fd1473a6000 r-xp 00010000 103:01 2623912                   /usr/lib/x86_64-linux-gnu/libm.so.6
7fd1473a6000-7fd1473fe000 r--p 0008f000 103:01 2623912                   /usr/lib/x86_64-linux-gnu/libm.so.6
7fd1473fe000-7fd1473ff000 r--p 000e7000 103:01 2623912                   /usr/lib/x86_64-linux-gnu/libm.so.6
7fd1473ff000-7fd147400000 rw-p 000e8000 103:01 2623912                   /usr/lib/x86_64-linux-gnu/libm.so.6
7fd147400000-7fd147651000 r--p 00000000 103:01 3296420                   /usr/lib/jvm/java-17-openjdk-amd64/lib/server/libjvm.so
7fd147651000-7fd1483c3000 r-xp 00251000 103:01 3296420                   /usr/lib/jvm/java-17-openjdk-amd64/lib/server/libjvm.so
7fd1483c3000-7fd148644000 r--p 00fc3000 103:01 3296420                   /usr/lib/jvm/java-17-openjdk-amd64/lib/server/libjvm.so
7fd148644000-7fd1486fc000 r--p 01244000 103:01 3296420                   /usr/lib/jvm/java-17-openjdk-amd64/lib/server/libjvm.so
7fd1486fc000-7fd148731000 rw-p 012fc000 103:01 3296420                   /usr/lib/jvm/java-17-openjdk-amd64/lib/server/libjvm.so
7fd148731000-7fd14878b000 rw-p 00000000 00:00 0 
7fd1487a9000-7fd1487cf000 rw-p 00000000 00:00 0 
7fd1487cf000-7fd1487d9000 ---p 00000000 00:00 0 
7fd1487d9000-7fd1487e5000 r--p 00000000 103:01 3296343                   /usr/lib/jvm/java-17-openjdk-amd64/lib/libjava.so
7fd1487e5000-7fd1487f7000 r-xp 0000c000 103:01 3296343                   /usr/lib/jvm/java-17-openjdk-amd64/lib/libjava.so
7fd1487f7000-7fd1487fd000 r--p 0001e000 103:01 3296343                   /usr/lib/jvm/java-17-openjdk-amd64/lib/libjava.so
7fd1487fd000-7fd1487fe000 r--p 00023000 103:01 3296343                   /usr/lib/jvm/java-17-openjdk-amd64/lib/libjava.so
7fd1487fe000-7fd1487ff000 rw-p 00024000 103:01 3296343                   /usr/lib/jvm/java-17-openjdk-amd64/lib/libjava.so
7fd1487ff000-7fd148800000 rw-p 00000000 00:00 0 
7fd148800000-7fd148828000 r--p 00000000 103:01 2623909                   /usr/lib/x86_64-linux-gnu/libc.so.6
7fd148828000-7fd1489b0000 r-xp 00028000 103:01 2623909                   /usr/lib/x86_64-linux-gnu/libc.so.6
7fd1489b0000-7fd1489ff000 r--p 001b0000 103:01 2623909                   /usr/lib/x86_64-linux-gnu/libc.so.6
7fd1489ff000-7fd148a03000 r--p 001fe000 103:01 2623909                   /usr/lib/x86_64-linux-gnu/libc.so.6
7fd148a03000-7fd148a05000 rw-p 00202000 103:01 2623909                   /usr/lib/x86_64-linux-gnu/libc.so.6
7fd148a05000-7fd148a12000 rw-p 00000000 00:00 0 
7fd148a1d000-7fd148a21000 r--p 00000000 103:01 2631147                   /usr/lib/x86_64-linux-gnu/libgcc_s.so.1
7fd148a21000-7fd148a45000 r-xp 00004000 103:01 2631147                   /usr/lib/x86_64-linux-gnu/libgcc_s.so.1
7fd148a45000-7fd148a49000 r--p 00028000 103:01 2631147                   /usr/lib/x86_64-linux-gnu/libgcc_s.so.1
7fd148a49000-7fd148a4a000 r--p 0002b000 103:01 2631147                   /usr/lib/x86_64-linux-gnu/libgcc_s.so.1
7fd148a4a000-7fd148a4b000 rw-p 0002c000 103:01 2631147                   /usr/lib/x86_64-linux-gnu/libgcc_s.so.1
7fd148a4b000-7fd148a4d000 rw-p 00000000 00:00 0 
7fd148a4d000-7fd148a4f000 r--p 00000000 103:01 3296355                   /usr/lib/jvm/java-17-openjdk-amd64/lib/libjli.so
7fd148a4f000-7fd148a59000 r-xp 00002000 103:01 3296355                   /usr/lib/jvm/java-17-openjdk-amd64/lib/libjli.so
7fd148a59000-7fd148a5c000 r--p 0000c000 103:01 3296355                   /usr/lib/jvm/java-17-openjdk-amd64/lib/libjli.so
7fd148a5c000-7fd148a5d000 r--p 0000f000 103:01 3296355                   /usr/lib/jvm/java-17-openjdk-amd64/lib/libjli.so
7fd148a5d000-7fd148a5e000 rw-p 00010000 103:01 3296355                   /usr/lib/jvm/java-17-openjdk-amd64/lib/libjli.so
7fd148a5e000-7fd148a60000 r--p 00000000 103:01 2633647                   /usr/lib/x86_64-linux-gnu/libz.so.1.3
7fd148a60000-7fd148a72000 r-xp 00002000 103:01 2633647                   /usr/lib/x86_64-linux-gnu/libz.so.1.3
7fd148a72000-7fd148a78000 r--p 00014000 103:01 2633647                   /usr/lib/x86_64-linux-gnu/libz.so.1.3
7fd148a78000-7fd148a79000 r--p 0001a000 103:01 2633647                   /usr/lib/x86_64-linux-gnu/libz.so.1.3
7fd148a79000-7fd148a7a000 rw-p 0001b000 103:01 2633647                   /usr/lib/x86_64-linux-gnu/libz.so.1.3
7fd148a85000-7fd148a8d000 rw-s 00000000 103:01 4588590                   /tmp/hsperfdata_pratham/391075
7fd148a8d000-7fd148a8e000 ---p 00000000 00:00 0 
7fd148a8e000-7fd148a8f000 r--p 00000000 00:00 0 
7fd148a8f000-7fd148a90000 ---p 00000000 00:00 0 
7fd148a90000-7fd148a92000 r--p 00000000 103:01 3296353                   /usr/lib/jvm/java-17-openjdk-amd64/lib/libjimage.so
7fd148a92000-7fd148a95000 r-xp 00002000 103:01 3296353                   /usr/lib/jvm/java-17-openjdk-amd64/lib/libjimage.so
7fd148a95000-7fd148a96000 r--p 00005000 103:01 3296353                   /usr/lib/jvm/java-17-openjdk-amd64/lib/libjimage.so
7fd148a96000-7fd148a97000 r--p 00006000 103:01 3296353                   /usr/lib/jvm/java-17-openjdk-amd64/lib/libjimage.so
7fd148a97000-7fd148a98000 rw-p 00007000 103:01 3296353                   /usr/lib/jvm/java-17-openjdk-amd64/lib/libjimage.so
7fd148a98000-7fd148a9a000 rw-p 00000000 00:00 0 
7fd148a9a000-7fd148a9e000 r--p 00000000 00:00 0                          [vvar]
7fd148a9e000-7fd148aa0000 r--p 00000000 00:00 0                          [vvar_vclock]
7fd148aa0000-7fd148aa2000 r-xp 00000000 00:00 0                          [vdso]
7fd148aa2000-7fd148aa3000 r--p 00000000 103:01 2623906                   /usr/lib/x86_64-linux-gnu/ld-linux-x86-64.so.2
7fd148aa3000-7fd148ace000 r-xp 00001000 103:01 2623906                   /usr/lib/x86_64-linux-gnu/ld-linux-x86-64.so.2
7fd148ace000-7fd148ad8000 r--p 0002c000 103:01 2623906                   /usr/lib/x86_64-linux-gnu/ld-linux-x86-64.so.2
7fd148ad8000-7fd148ada000 r--p 00036000 103:01 2623906                   /usr/lib/x86_64-linux-gnu/ld-linux-x86-64.so.2
7fd148ada000-7fd148adc000 rw-p 00038000 103:01 2623906                   /usr/lib/x86_64-linux-gnu/ld-linux-x86-64.so.2
7ffcab4bb000-7ffcab4bf000 ---p 00000000 00:00 0 
7ffcabc9a000-7ffcabcbb000 rw-p 00000000 00:00 0                          [stack]
ffffffffff600000-ffffffffff601000 --xp 00000000 00:00 0                  [vsyscall]


VM Arguments:
jvm_args: -Dapplication.home=/usr/lib/jvm/java-17-openjdk-amd64 --add-modules=ALL-DEFAULT -Xms8m -Xmx256m -Djdk.module.main=jdk.compiler 
java_command: jdk.compiler/com.sun.tools.javac.Main /tmp/nr-java-5Jc0af/Main.java /tmp/nr-java-5Jc0af/Solution.java
java_class_path (initial): <not set>
Launcher Type: SUN_STANDARD

[Global flags]
     intx CICompilerCount                          = 12                                        {product} {ergonomic}
     uint ConcGCThreads                            = 4                                         {product} {ergonomic}
     uint G1ConcRefinementThreads                  = 15                                        {product} {ergonomic}
   size_t G1HeapRegionSize                         = 1048576                                   {product} {ergonomic}
    uintx GCDrainStackTargetSize                   = 64                                        {product} {ergonomic}
   size_t InitialHeapSize                          = 8388608                                   {product} {command line}
   size_t MarkStackSize                            = 4194304                                   {product} {ergonomic}
   size_t MaxHeapSize                              = 268435456                                 {product} {command line}
   size_t MinHeapDeltaBytes                        = 1048576                                   {product} {ergonomic}
   size_t MinHeapSize                              = 8388608                                   {product} {command line}
    uintx NonNMethodCodeHeapSize                   = 7602480                                {pd product} {ergonomic}
    uintx NonProfiledCodeHeapSize                  = 122027880                              {pd product} {ergonomic}
    uintx ProfiledCodeHeapSize                     = 122027880                              {pd product} {ergonomic}
    uintx ReservedCodeCacheSize                    = 251658240                              {pd product} {ergonomic}
     bool SegmentedCodeCache                       = true                                      {product} {ergonomic}
   size_t SoftMaxHeapSize                          = 268435456                              {manageable} {ergonomic}
     bool UseCompressedClassPointers               = true                           {product lp64_product} {ergonomic}
     bool UseCompressedOops                        = true                           {product lp64_product} {ergonomic}
     bool UseG1GC                                  = true                                      {product} {ergonomic}

Logging:
Log output configuration:
 #0: stdout all=warning uptime,level,tags
 #1: stderr all=off uptime,level,tags

Environment Variables:
PATH=/home/pratham/Disk1/NextRound/node_modules/.bin:/home/pratham/Disk1/NextRound/apps/api/node_modules/.bin:/home/pratham/Disk1/NextRound/apps/node_modules/.bin:/home/pratham/Disk1/NextRound/node_modules/.bin:/home/pratham/Disk1/node_modules/.bin:/home/pratham/node_modules/.bin:/home/node_modules/.bin:/node_modules/.bin:/home/pratham/.nvm/versions/node/v24.16.0/lib/node_modules/npm/node_modules/@npmcli/run-script/lib/node-gyp-bin:/home/pratham/.local/bin:/home/pratham/.bun/bin:/home/pratham/.kilo/bin:/home/pratham/.local/bin:/home/pratham/.opencode/bin:/run/user/1000/fnm_multishells/273069_1786343500819/bin:/home/pratham/.local/share/fnm:/home/pratham/.antigravity-ide/extensions/vadimcn.vscode-lldb-1.12.2/bin:/home/pratham/.local/bin:/home/pratham/.bun/bin:/home/pratham/.kilo/bin:/home/pratham/.local/bin:/home/pratham/.opencode/bin:/home/pratham/.nvm/versions/node/v24.16.0/bin:/run/user/1000/fnm_multishells/270603_1786343495571/bin:/home/pratham/.local/share/fnm:/home/pratham/.local/bin:/home/pratham/.local/bin:/home/pratham/.local/bin:/home/pratham/.cargo/bin:/home/pratham/.local/bin:/usr/local/sbin:/usr/local/bin:/usr/sbin:/usr/bin:/sbin:/bin:/usr/games:/usr/local/games:/snap/bin:/snap/bin:/opt/flutter/bin:/home/pratham/Android/Sdk/emulator:/home/pratham/Android/Sdk/platform-tools:/home/pratham/.antigravity-ide/extensions/ms-python.debugpy-2026.6.0-linux-x64/bundled/scripts/noConfigScripts:/opt/flutter/bin:/home/pratham/Android/Sdk/emulator:/home/pratham/Android/Sdk/platform-tools
LANG=C.UTF-8
TMPDIR=/tmp

Active Locale:
LC_ALL=C
LC_COLLATE=C
LC_CTYPE=C
LC_MESSAGES=C
LC_MONETARY=C
LC_NUMERIC=C
LC_TIME=C

Signal Handlers:
   SIGSEGV: crash_handler in libjvm.so, mask=11100100010111111101111111111110, flags=SA_RESTART|SA_SIGINFO, unblocked
    SIGBUS: crash_handler in libjvm.so, mask=11100100010111111101111111111110, flags=SA_RESTART|SA_SIGINFO, unblocked
    SIGFPE: crash_handler in libjvm.so, mask=11100100010111111101111111111110, flags=SA_RESTART|SA_SIGINFO, unblocked
   SIGPIPE: javaSignalHandler in libjvm.so, mask=11100100010111111101111111111110, flags=SA_RESTART|SA_SIGINFO, blocked
   SIGXFSZ: javaSignalHandler in libjvm.so, mask=11100100010111111101111111111110, flags=SA_RESTART|SA_SIGINFO, blocked
    SIGILL: crash_handler in libjvm.so, mask=11100100010111111101111111111110, flags=SA_RESTART|SA_SIGINFO, unblocked
   SIGUSR2: SR_handler in libjvm.so, mask=00000000000000000000000000000000, flags=SA_RESTART|SA_SIGINFO, blocked
    SIGHUP: SIG_DFL, mask=00000000000000000000000000000000, flags=none, blocked
    SIGINT: SIG_DFL, mask=00000000000000000000000000000000, flags=none, blocked
   SIGTERM: SIG_DFL, mask=00000000000000000000000000000000, flags=none, blocked
   SIGQUIT: UserHandler in libjvm.so, mask=11100100010111111101111111111110, flags=SA_RESTART|SA_SIGINFO, blocked
   SIGTRAP: crash_handler in libjvm.so, mask=11100100010111111101111111111110, flags=SA_RESTART|SA_SIGINFO, unblocked


Periodic native trim disabled


---------------  S Y S T E M  ---------------

OS:
DISTRIB_ID=Ubuntu
DISTRIB_RELEASE=24.04
DISTRIB_CODENAME=noble
DISTRIB_DESCRIPTION="Ubuntu 24.04.4 LTS"
uname: Linux 7.0.0-28-generic #28~24.04.1-Ubuntu SMP PREEMPT_DYNAMIC Wed Jul  1 15:50:57 UTC 2 x86_64
OS uptime: 0 days 8:42 hours
libc: glibc 2.39 NPTL 2.39 
rlimit (soft/hard): STACK 8192k/infinity , CORE 0k/infinity , NPROC 1024/1024 , NOFILE 64/64 , AS 4194304k/4194304k , CPU 30/30 , DATA infinity/infinity , FSIZE 20480k/20480k , MEMLOCK 2008652k/2008652k
load average: 3.69 2.86 2.54

/proc/meminfo:
MemTotal:       16069216 kB
MemFree:         1296592 kB
MemAvailable:    1941180 kB
Buffers:           22344 kB
Cached:          1649040 kB
SwapCached:       658964 kB
Active:          2315636 kB
Inactive:        1983844 kB
Active(anon):    2013124 kB
Inactive(anon):  1435808 kB
Active(file):     302512 kB
Inactive(file):   548036 kB
Unevictable:      262160 kB
Mlocked:             192 kB
SwapTotal:      31250428 kB
SwapFree:       25702248 kB
Zswap:                 0 kB
Zswapped:              0 kB
Dirty:              2044 kB
Writeback:             0 kB
AnonPages:       2861376 kB
Mapped:          9086784 kB
Shmem:            820832 kB
KReclaimable:     406588 kB
Slab:             917416 kB
SReclaimable:     406584 kB
SUnreclaim:       510832 kB
KernelStack:       34544 kB
PageTables:       138920 kB
SecPageTables:     11904 kB
NFS_Unstable:          0 kB
Bounce:                0 kB
WritebackTmp:          0 kB
CommitLimit:    39285036 kB
Committed_AS:   44023728 kB
VmallocTotal:   34359738367 kB
VmallocUsed:      160060 kB
VmallocChunk:          0 kB
Percpu:            24960 kB
HardwareCorrupted:     0 kB
AnonHugePages:     22528 kB
ShmemHugePages:    40960 kB
ShmemPmdMapped:        0 kB
FileHugePages:      2048 kB
FilePmdMapped:         0 kB
CmaTotal:              0 kB
CmaFree:          515984 kB
Unaccepted:            0 kB
Balloon:               0 kB
HugePages_Total:       0
HugePages_Free:        0
HugePages_Rsvd:        0
HugePages_Surp:        0
Hugepagesize:       2048 kB
Hugetlb:               0 kB
DirectMap4k:     2021632 kB
DirectMap2M:    14456832 kB
DirectMap1G:           0 kB

/sys/kernel/mm/transparent_hugepage/enabled: always [madvise] never
/sys/kernel/mm/transparent_hugepage/hpage_pmd_size: 2097152
/sys/kernel/mm/transparent_hugepage/defrag (defrag/compaction efforts parameter): always defer defer+madvise [madvise] never

Process Memory:
Virtual Size: 694348K (peak: 694348K)
Resident Set Size: 19996K (peak: 19996K) (anon: 6060K, file: 13936K, shmem: 0K)
Swapped out: 0K
C-Heap outstanding allocations: 19988K, retained: 95K
glibc malloc tunables: (default)

/proc/sys/kernel/threads-max (system-wide limit on the number of threads): 110604
/proc/sys/vm/max_map_count (maximum number of memory map areas a process may have): 1048576
/proc/sys/vm/swappiness (control to define how aggressively the kernel swaps out anonymous memory): 60
/proc/sys/kernel/pid_max (system-wide limit on number of process identifiers): 4194304

container (cgroup) information:
container_type: cgroupv2
cpu_cpuset_cpus: not supported
cpu_memory_nodes: not supported
active_processor_count: 20
cpu_quota: not supported
cpu_period: not supported
cpu_shares: not supported
memory_limit_in_bytes: unlimited
memory_and_swap_limit_in_bytes: unlimited
memory_soft_limit_in_bytes: 0
memory_usage_in_bytes: 1135672 k
memory_max_usage_in_bytes: not supported
rss_usage_in_bytes: 824856 k
cache_usage_in_bytes: 218820 k
memory_swap_current_in_bytes: 2536028 k
memory_swap_max_limit_in_bytes: unlimited
maximum number of tasks: 16590
current number of tasks: 569

Steal ticks since vm start: 0
Steal ticks percentage since vm start:  0.000

CPU: total 20 (initial active 20) (10 cores per cpu, 2 threads per core) family 6 model 183 stepping 1 microcode 0x133, cx8, cmov, fxsr, ht, mmx, 3dnowpref, sse, sse2, sse3, ssse3, sse4.1, sse4.2, popcnt, lzcnt, tsc, tscinvbit, avx, avx2, aes, erms, clmul, bmi1, bmi2, adx, sha, fma, vzeroupper, clflush, clflushopt, clwb
CPU Model and flags from /proc/cpuinfo:
model name	: 13th Gen Intel(R) Core(TM) i7-13650HX
flags		: fpu vme de pse tsc msr pae mce cx8 apic sep mtrr pge mca cmov pat pse36 clflush dts acpi mmx fxsr sse sse2 ss ht tm pbe syscall nx pdpe1gb rdtscp lm constant_tsc art arch_perfmon pebs bts rep_good nopl xtopology nonstop_tsc cpuid aperfmperf tsc_known_freq pni pclmulqdq dtes64 monitor ds_cpl vmx est tm2 ssse3 sdbg fma cx16 xtpr pdcm pcid sse4_1 sse4_2 x2apic movbe popcnt tsc_deadline_timer aes xsave avx f16c rdrand lahf_lm abm 3dnowprefetch cpuid_fault epb ssbd ibrs ibpb stibp ibrs_enhanced tpr_shadow flexpriority ept vpid ept_ad fsgsbase tsc_adjust bmi1 avx2 smep bmi2 erms invpcid rdseed adx smap clflushopt clwb intel_pt sha_ni xsaveopt xsavec xgetbv1 xsaves split_lock_detect user_shstk avx_vnni dtherm ida arat pln pts hwp hwp_notify hwp_act_window hwp_epp hwp_pkg_req hfi vnmi umip pku ospke waitpkg gfni vaes vpclmulqdq rdpid movdiri movdir64b fsrm md_clear serialize arch_lbr ibt flush_l1d arch_capabilities

Online cpus: 0-19
Offline cpus: 
BIOS frequency limitation: <Not Available>
Frequency switch latency (ns): 0
Available cpu frequencies: <Not Available>
Current governor: powersave
Core performance/turbo boost: <Not Available>

Memory: 4k page, physical 16069216k(1296592k free), swap 31250428k(25702248k free)
Page Sizes: 4k

vm_info: OpenJDK 64-Bit Server VM (17.0.19+10-1-24.04.2-Ubuntu) for linux-amd64 JRE (17.0.19+10-1-24.04.2-Ubuntu), built on Apr 26 2026 12:40:16 by "buildd" with gcc 13.3.0

END.
